Product: MDK-ARM Professional 5.10
Component: ARM Compiler 5.04 update 1 (build 49)
Tool: armlink [5040049]

==============================================================================

Section Cross References

    stm32f10x_it.o(.text) refers to os_cpu_a.o(.text) for OS_CPU_SR_Save
    stm32f10x_it.o(.text) refers to control_comm.o(.text) for BSP_Comm_Idle_Mode
    stm32f10x_it.o(.text) refers to os_sem.o(.text) for OSSemPost
    stm32f10x_it.o(.text) refers to os_core.o(.text) for OSTimeTick
    stm32f10x_it.o(.text) refers to stm32f10x_usart.o(.text) for USART_GetITStatus
    stm32f10x_it.o(.text) refers to os_core.o(.data) for OSIntNesting
    stm32f10x_it.o(.text) refers to control_comm.o(.bss) for COMM3_ReceBuf
    stm32f10x_it.o(.text) refers to control_main.o(.data) for Sem_Comm3Rece
    stm32f10x_it.o(.text) refers to control_comm.o(.bss) for COMM1_SendBuf
    stm32f10x_it.o(.text) refers to control_comm.o(.bss) for COMM2_SendBuf
    stm32f10x_it.o(.text) refers to control_comm.o(.bss) for COMM3_SendBuf
    system_stm32f10x.o(.text) refers to system_stm32f10x.o(.data) for .data
    led.o(.text) refers to stm32f10x_rcc.o(.text) for RCC_APB2PeriphClockCmd
    led.o(.text) refers to stm32f10x_gpio.o(.text) for GPIO_Init
    delay.o(.text) refers to os_core.o(.text) for OSSchedLock
    delay.o(.text) refers to os_time.o(.text) for OSTimeDly
    delay.o(.text) refers to misc.o(.text) for SysTick_CLKSourceConfig
    delay.o(.text) refers to system_stm32f10x.o(.data) for SystemCoreClock
    delay.o(.text) refers to delay.o(.data) for .data
    delay.o(.text) refers to os_core.o(.data) for OSRunning
    usart.o(.text) refers to stm32f10x_rcc.o(.text) for RCC_APB2PeriphClockCmd
    usart.o(.text) refers to stm32f10x_usart.o(.text) for USART_DeInit
    usart.o(.text) refers to stm32f10x_gpio.o(.text) for GPIO_Init
    usart.o(.text) refers to misc.o(.text) for NVIC_Init
    startup_stm32f10x_hd.o(RESET) refers to startup_stm32f10x_hd.o(STACK) for __initial_sp
    startup_stm32f10x_hd.o(RESET) refers to startup_stm32f10x_hd.o(.text) for Reset_Handler
    startup_stm32f10x_hd.o(RESET) refers to stm32f10x_it.o(.text) for NMI_Handler
    startup_stm32f10x_hd.o(RESET) refers to os_cpu_a.o(.text) for PendSV_Handler
    startup_stm32f10x_hd.o(.text) refers to system_stm32f10x.o(.text) for SystemInit
    startup_stm32f10x_hd.o(.text) refers to entry.o(.ARM.Collect$$$$00000000) for __main
    stm32f10x_gpio.o(.text) refers to stm32f10x_rcc.o(.text) for RCC_APB2PeriphResetCmd
    stm32f10x_usart.o(.text) refers to stm32f10x_rcc.o(.text) for RCC_APB2PeriphResetCmd
    stm32f10x_rcc.o(.text) refers to stm32f10x_rcc.o(.data) for .data
    stm32f10x_adc.o(.text) refers to stm32f10x_rcc.o(.text) for RCC_APB2PeriphResetCmd
    stm32f10x_dac.o(.text) refers to stm32f10x_rcc.o(.text) for RCC_APB1PeriphResetCmd
    stm32f10x_tim.o(.text) refers to stm32f10x_rcc.o(.text) for RCC_APB1PeriphResetCmd
    stm32f10x_wwdg.o(.text) refers to stm32f10x_rcc.o(.text) for RCC_APB1PeriphResetCmd
    os_core.o(.text) refers to os_task.o(.text) for OSTaskStkChk
    os_core.o(.text) refers to os_time.o(.text) for OSTimeDly
    os_core.o(.text) refers to os_cpu_a.o(.text) for OS_CPU_SR_Save
    os_core.o(.text) refers to os_cpu_c.o(.text) for OSTaskStatHook
    os_core.o(.text) refers to os_flag.o(.text) for OS_FlagInit
    os_core.o(.text) refers to os_q.o(.text) for OS_QInit
    os_core.o(.text) refers to os_tmr.o(.text) for OSTmr_Init
    os_core.o(.text) refers to os_core.o(.bss) for .bss
    os_core.o(.text) refers to os_core.o(.data) for .data
    os_core.o(.text) refers to os_core.o(.constdata) for .constdata
    os_flag.o(.text) refers to os_cpu_a.o(.text) for OS_CPU_SR_Save
    os_flag.o(.text) refers to os_core.o(.text) for OS_Sched
    os_flag.o(.text) refers to os_core.o(.data) for OSIntNesting
    os_flag.o(.text) refers to os_core.o(.data) for OSFlagFreeList
    os_flag.o(.text) refers to os_core.o(.bss) for OSFlagTbl
    os_mbox.o(.text) refers to os_cpu_a.o(.text) for OS_CPU_SR_Save
    os_mbox.o(.text) refers to os_core.o(.text) for OS_EventWaitListInit
    os_mbox.o(.text) refers to os_core.o(.data) for OSIntNesting
    os_mutex.o(.text) refers to os_cpu_a.o(.text) for OS_CPU_SR_Save
    os_mutex.o(.text) refers to os_core.o(.text) for OS_EventWaitListInit
    os_mutex.o(.text) refers to os_core.o(.data) for OSIntNesting
    os_mutex.o(.text) refers to os_core.o(.bss) for OSTCBPrioTbl
    os_q.o(.text) refers to os_cpu_a.o(.text) for OS_CPU_SR_Save
    os_q.o(.text) refers to os_core.o(.text) for OS_EventWaitListInit
    os_q.o(.text) refers to os_core.o(.data) for OSIntNesting
    os_q.o(.text) refers to os_core.o(.data) for OSQFreeList
    os_q.o(.text) refers to os_core.o(.bss) for OSQTbl
    os_sem.o(.text) refers to os_cpu_a.o(.text) for OS_CPU_SR_Save
    os_sem.o(.text) refers to os_core.o(.text) for OS_EventWaitListInit
    os_sem.o(.text) refers to os_core.o(.data) for OSIntNesting
[...]
    __lit__00000000                          0x08000140   Data           4  entry2.o(.ARM.Collect$$$$00002712)
    .text                                    0x08000144   Section        0  stm32f10x_it.o(.text)
    .text                                    0x0800049c   Section        0  system_stm32f10x.o(.text)
    SetSysClockTo72                          0x0800049d   Thumb Code   160  system_stm32f10x.o(.text)
    .text                                    0x080005f0   Section        0  delay.o(.text)
    .text                                    0x080006c0   Section        0  usart.o(.text)
    .text                                    0x08000778   Section       36  startup_stm32f10x_hd.o(.text)
    .text                                    0x0800079c   Section        0  misc.o(.text)
    .text                                    0x0800084c   Section        0  stm32f10x_gpio.o(.text)
    .text                                    0x08000ab8   Section        0  stm32f10x_usart.o(.text)
    .text                                    0x08000de0   Section        0  stm32f10x_rcc.o(.text)
    .text                                    0x08001094   Section        0  stm32f10x_adc.o(.text)
    .text                                    0x080013c4   Section        0  stm32f10x_dac.o(.text)
    .text                                    0x080014c0   Section        0  stm32f10x_iwdg.o(.text)
    .text                                    0x080014fc   Section        0  stm32f10x_tim.o(.text)
    TI2_Config                               0x0800188f   Thumb Code   166  stm32f10x_tim.o(.text)
    TI1_Config                               0x08001945   Thumb Code    88  stm32f10x_tim.o(.text)
    .text                                    0x08001ff0   Section        0  stm32f10x_flash.o(.text)
    .text                                    0x0800246c   Section        0  os_core.o(.text)
    OS_InitTCBList                           0x08002a07   Thumb Code    96  os_core.o(.text)
    OS_SchedNew                              0x08002a67   Thumb Code    24  os_core.o(.text)
    .text                                    0x08002a98   Section        0  os_flag.o(.text)
    OS_FlagTaskRdy                           0x08002b9b   Thumb Code    72  os_flag.o(.text)
    OS_FlagBlock                             0x08002d11   Thumb Code    86  os_flag.o(.text)
    .text                                    0x0800302c   Section        0  os_q.o(.text)
    .text                                    0x08003530   Section        0  os_sem.o(.text)
    .text                                    0x0800382c   Section        0  os_task.o(.text)
    .text                                    0x08003ec8   Section        0  os_time.o(.text)
    .text                                    0x08004030   Section        0  os_tmr.o(.text)
    OSTmr_Free                               0x0800409f   Thumb Code    50  os_tmr.o(.text)
    OSTmr_Unlink                             0x080040d1   Thumb Code    58  os_tmr.o(.text)
    OSTmr_Link                               0x08004289   Thumb Code    66  os_tmr.o(.text)
    OSTmr_Task                               0x080043c5   Thumb Code   138  os_tmr.o(.text)
    .text                                    0x08004538   Section        0  os_cpu_c.o(.text)
    .text                                    0x080045e0   Section      180  os_cpu_a.o(.text)
    .text                                    0x08004694   Section        0  comm_handle.o(.text)
    .text                                    0x08004c08   Section        0  control_global.o(.text)
    .text                                    0x08004e64   Section        0  control_main.o(.text)
    TaskComm3Rece                            0x08004e65   Thumb Code    20  control_main.o(.text)
    TaskComm2Rece                            0x08004e79   Thumb Code    20  control_main.o(.text)
    TaskComm1Rece                            0x08004e8d   Thumb Code    20  control_main.o(.text)
    TaskMMI                                  0x08004ea1   Thumb Code    28  control_main.o(.text)
    TaskLogic                                0x08004ebd   Thumb Code    56  control_main.o(.text)
    TaskFunction                             0x08004fbd   Thumb Code    64  control_main.o(.text)
    TaskCreate                               0x08005017   Thumb Code   156  control_main.o(.text)
    .text                                    0x0800512c   Section        0  function_handle.o(.text)
    .text                                    0x08006ee0   Section        0  tpk8control.o(.text)
    .text                                    0x0800719c   Section        0  control_adc.o(.text)
    .text                                    0x0800798c   Section        0  control_bsp.o(.text)
    BSP_SysClkInit                           0x08007a07   Thumb Code   106  control_bsp.o(.text)
    .text                                    0x08007a7c   Section        0  control_comm.o(.text)
    BSP_Comm3_Init                           0x08007c95   Thumb Code   188  control_comm.o(.text)
    BSP_Comm2_Init                           0x08007d51   Thumb Code   190  control_comm.o(.text)
    BSP_Comm1_Init                           0x08007e0f   Thumb Code   220  control_comm.o(.text)
    .text                                    0x08007eec   Section        0  control_dac.o(.text)
    BSP_PWM_Init                             0x08008029   Thumb Code   182  control_dac.o(.text)
    .text                                    0x080080f0   Section        0  control_di.o(.text)
    .text                                    0x080081bc   Section        0  control_do.o(.text)
    .text                                    0x080083ac   Section        0  myiic.o(.text)
    .text                                    0x080086f4   Section        0  24cxx.o(.text)
    .text                                    0x08008892   Section        0  memcpya.o(.text)
    .text                                    0x080088b6   Section        0  fadd.o(.text)
    .text                                    0x08008966   Section        0  fmul.o(.text)
    .text                                    0x080089ca   Section        0  fdiv.o(.text)
    .text                                    0x08008a46   Section        0  fflti.o(.text)
    .text                                    0x08008a58   Section        0  ffltui.o(.text)
    .text                                    0x08008a62   Section        0  ffixi.o(.text)
    .text                                    0x08008a94   Section        0  ffixui.o(.text)
    .text                                    0x08008abc   Section       20  cfcmple.o(.text)
    .text                                    0x08008ad0   Section        0  iusefp.o(.text)
    .text                                    0x08008ad0   Section        0  fepilogue.o(.text)
    .text                                    0x08008b40   Section       36  init.o(.text)
    i.__0printf$bare                         0x08008b64   Section        0  printfb.o(i.__0printf$bare)
    i.__scatterload_copy                     0x08008b74   Section       14  handlers.o(i.__scatterload_copy)
    i.__scatterload_null                     0x08008b82   Section        2  handlers.o(i.__scatterload_null)
    i.__scatterload_zeroinit                 0x08008b84   Section       14  handlers.o(i.__scatterload_zeroinit)
    i._printf_core                           0x08008b92   Section        0  printfb.o(i._printf_core)
    _printf_core                             0x08008b93   Thumb Code    34  printfb.o(i._printf_core)
    .constdata                               0x08008bb4   Section      256  os_core.o(.constdata)
    .constdata                               0x08008cb4   Section      512  control_comm.o(.constdata)
    .data                                    0x20000000   Section       20  system_stm32f10x.o(.data)
    .data                                    0x20000014   Section        4  delay.o(.data)
    fac_us                                   0x20000014   Data           1  delay.o(.data)
    fac_ms                                   0x20000016   Data           2  delay.o(.data)
    .data                                    0x20000018   Section        4  usart.o(.data)
    .data                                    0x2000001c   Section       20  stm32f10x_rcc.o(.data)
    ADCPrescTable                            0x2000001c   Data           4  stm32f10x_rcc.o(.data)
    APBAHBPrescTable                         0x20000020   Data          16  stm32f10x_rcc.o(.data)
    .data                                    0x20000030   Section       60  os_core.o(.data)
    .data                                    0x2000006c   Section        4  os_core.o(.data)
    .data                                    0x20000070   Section        4  os_core.o(.data)
    .data                                    0x20000074   Section        2  os_core.o(.data)
    .data                                    0x20000076   Section        2  os_core.o(.data)
    .data                                    0x20000078   Section        4  os_core.o(.data)
    .data                                    0x2000007c   Section        4  os_core.o(.data)
    .data                                    0x20000080   Section        4  os_core.o(.data)
    .data                                    0x20000084   Section        4  os_core.o(.data)
    .data                                    0x20000088   Section        2  os_cpu_c.o(.data)
    OSTmrCtr                                 0x20000088   Data           2  os_cpu_c.o(.data)
    .data                                    0x2000008c   Section        4  control_global.o(.data)
    .data                                    0x20000090   Section       20  control_main.o(.data)
    init_flag                                0x20000091   Data           1  control_main.o(.data)
    control_cycle_temp                       0x20000092   Data           1  control_main.o(.data)
    .data                                    0x200000a4   Section        1  control_main.o(.data)
    .data                                    0x200000a8   Section       76  function_handle.o(.data)
    i                                        0x200000a8   Data           1  function_handle.o(.data)
    adc_original_value_temp                  0x200000aa   Data           2  function_handle.o(.data)
    adc_value_temp_s                         0x200000ac   Data           2  function_handle.o(.data)
    adc_value_temp                           0x200000b0   Data           4  function_handle.o(.data)
    temp_f1                                  0x200000b4   Data           4  function_handle.o(.data)
    temp_f2                                  0x200000b8   Data           4  function_handle.o(.data)
    temp_f3                                  0x200000bc   Data           4  function_handle.o(.data)
    temp_f4                                  0x200000c0   Data           4  function_handle.o(.data)
    adc_ad2mv_f                              0x200000c4   Data           4  function_handle.o(.data)
    adc_4ma_zero_f                           0x200000c8   Data           4  function_handle.o(.data)
    zero_off                                 0x200000cc   Data           4  function_handle.o(.data)
    ao_k                                     0x200000d0   Data           4  function_handle.o(.data)
    ao_alf                                   0x200000d4   Data           4  function_handle.o(.data)
    ao_f2v                                   0x200000d8   Data           4  function_handle.o(.data)
    Function_AO_Temp                         0x200000dc   Data           8  function_handle.o(.data)
    Function_AO_Type_Temp                    0x200000e4   Data           8  function_handle.o(.data)
    Function_AO_Final_Temp                   0x200000ec   Data           8  function_handle.o(.data)
    .data                                    0x200000f4   Section       16  tpk8control.o(.data)
    .bss                                     0x20000104   Section     2488  os_core.o(.bss)
    .bss                                     0x20000abc   Section       80  os_core.o(.bss)
    .bss                                     0x20000b0c   Section      120  os_core.o(.bss)
    .bss                                     0x20000b84   Section      640  os_core.o(.bss)
    .bss                                     0x20000e04   Section      512  os_core.o(.bss)
    .bss                                     0x20001004   Section       64  os_core.o(.bss)
    .bss                                     0x20001044   Section      648  comm_handle.o(.bss)
    comm3_recebuf_temp                       0x20001044   Data         108  comm_handle.o(.bss)
    comm3_sendbuf_temp                       0x200010b0   Data         108  comm_handle.o(.bss)
    comm2_recebuf_temp                       0x2000111c   Data         108  comm_handle.o(.bss)
    comm2_sendbuf_temp                       0x20001188   Data         108  comm_handle.o(.bss)
    comm1_recebuf_temp                       0x200011f4   Data         108  comm_handle.o(.bss)
    comm1_sendbuf_temp                       0x20001260   Data         108  comm_handle.o(.bss)
    .bss                                     0x200012cc   Section     1042  control_global.o(.bss)
    .bss                                     0x200016e0   Section    38912  control_main.o(.bss)
    TaskStartStk                             0x200016e0   Data        2048  control_main.o(.bss)
    TaskFunctionStk                          0x20001ee0   Data        4096  control_main.o(.bss)
    TaskLogicStk                             0x20002ee0   Data        4096  control_main.o(.bss)
    TaskMMIStk                               0x20003ee0   Data        4096  control_main.o(.bss)
    TaskComm1ReceStk                         0x20004ee0   Data        8192  control_main.o(.bss)
    TaskComm2ReceStk                         0x20006ee0   Data        8192  control_main.o(.bss)
    TaskComm3ReceStk                         0x20008ee0   Data        8192  control_main.o(.bss)
    .bss                                     0x2000aee0   Section    12864  function_handle.o(.bss)
    adc_value_filter_stack_1                 0x2000aee0   Data         800  function_handle.o(.bss)
    adc_value_filter_stack_9                 0x2000b200   Data         800  function_handle.o(.bss)
    adc_value_filter_stack_2                 0x2000b520   Data         800  function_handle.o(.bss)
    adc_value_filter_stack_10                0x2000b840   Data         800  function_handle.o(.bss)
    adc_value_filter_stack_3                 0x2000bb60   Data         800  function_handle.o(.bss)
    adc_value_filter_stack_11                0x2000be80   Data         800  function_handle.o(.bss)
    adc_value_filter_stack_4                 0x2000c1a0   Data         800  function_handle.o(.bss)
    adc_value_filter_stack_12                0x2000c4c0   Data         800  function_handle.o(.bss)
    adc_value_filter_stack_5                 0x2000c7e0   Data         800  function_handle.o(.bss)
    adc_value_filter_stack_13                0x2000cb00   Data         800  function_handle.o(.bss)
    adc_value_filter_stack_6                 0x2000ce20   Data         800  function_handle.o(.bss)
    adc_value_filter_stack_14                0x2000d140   Data         800  function_handle.o(.bss)
    adc_value_filter_stack_7                 0x2000d460   Data         800  function_handle.o(.bss)
    adc_value_filter_stack_15                0x2000d780   Data         800  function_handle.o(.bss)
    adc_value_filter_stack_8                 0x2000daa0   Data         800  function_handle.o(.bss)
    adc_value_filter_stack_16                0x2000ddc0   Data         800  function_handle.o(.bss)
    Function_DI_Temp                         0x2000e0e0   Data          32  function_handle.o(.bss)
    .bss                                     0x2000e120   Section       56  tpk8control.o(.bss)
    .bss                                     0x2000e158   Section      324  control_comm.o(.bss)
    .bss                                     0x2000e29c   Section      108  control_comm.o(.bss)
    .bss                                     0x2000e308   Section      108  control_comm.o(.bss)
    .bss                                     0x2000e374   Section      108  control_comm.o(.bss)
    STACK                                    0x2000e3e0   Section     2048  startup_stm32f10x_hd.o(STACK)

    Global Symbols

    Symbol Name                              Value     Ov Type        Size  Object(Section)

    BuildAttributes$$THM_ISAv4$P$D$K$B$S$PE$A:L22UL41UL21$X:L11$S22US41US21$IEEE1$IW$USESV6$~STKCKD$USESV7$~SHL$OTIME$ROPI$IEEEX$EBA8$MICROLIB$REQ8$PRES8$EABIv2 0x00000000   Number         0  anon$$obj.o ABSOLUTE
    __ARM_use_no_argv                        0x00000000   Number         0  control_main.o ABSOLUTE
    __use_no_errno                           0x00000000   Number         0  useno.o ABSOLUTE
    __use_no_exception_handling              0x00000000   Number         0  useno.o ABSOLUTE
    __use_no_fp                              0x00000000   Number         0  useno.o ABSOLUTE
    __use_no_heap                            0x00000000   Number         0  useno.o ABSOLUTE
    __use_no_heap_region                     0x00000000   Number         0  useno.o ABSOLUTE
    __use_no_semihosting                     0x00000000   Number         0  useno.o ABSOLUTE
    __use_no_semihosting_swi                 0x00000000   Number         0  useno.o ABSOLUTE
    __use_no_signal_handling                 0x00000000   Number         0  useno.o ABSOLUTE
    __cpp_initialize__aeabi_                  - Undefined Weak Reference
    __cxa_finalize                            - Undefined Weak Reference
    __decompress                              - Undefined Weak Reference
    _clock_init                               - Undefined Weak Reference
    _microlib_exit                            - Undefined Weak Reference
    __Vectors_Size                           0x00000130   Number         0  startup_stm32f10x_hd.o ABSOLUTE
    __Vectors                                0x08000000   Data           4  startup_stm32f10x_hd.o(RESET)
    __Vectors_End                            0x08000130   Data           0  startup_stm32f10x_hd.o(RESET)
    __main                                   0x08000131   Thumb Code     0  entry.o(.ARM.Collect$$$$00000000)
    _main_stk                                0x08000131   Thumb Code     0  entry2.o(.ARM.Collect$$$$00000001)
    _main_scatterload                        0x08000135   Thumb Code     0  entry5.o(.ARM.Collect$$$$00000004)
    __main_after_scatterload                 0x08000139   Thumb Code     0  entry5.o(.ARM.Collect$$$$00000004)
    _main_clock                              0x08000139   Thumb Code     0  entry7b.o(.ARM.Collect$$$$00000008)
    _main_cpp_init                           0x08000139   Thumb Code     0  entry8b.o(.ARM.Collect$$$$0000000A)
    _main_init                               0x08000139   Thumb Code     0  entry9a.o(.ARM.Collect$$$$0000000B)
    __rt_final_cpp                           0x08000141   Thumb Code     0  entry10a.o(.ARM.Collect$$$$0000000D)
    __rt_final_exit                          0x08000141   Thumb Code     0  entry11a.o(.ARM.Collect$$$$0000000F)
    NMI_Handler                              0x08000145   Thumb Code     2  stm32f10x_it.o(.text)
    HardFault_Handler                        0x08000147   Thumb Code     2  stm32f10x_it.o(.text)
    MemManage_Handler                        0x08000149   Thumb Code     2  stm32f10x_it.o(.text)
    BusFault_Handler                         0x0800014b   Thumb Code     2  stm32f10x_it.o(.text)
    UsageFault_Handler                       0x0800014d   Thumb Code     2  stm32f10x_it.o(.text)
    SVC_Handler                              0x0800014f   Thumb Code     2  stm32f10x_it.o(.text)
    DebugMon_Handler                         0x08000151   Thumb Code     2  stm32f10x_it.o(.text)
    SysTick_Handler                          0x08000153   Thumb Code   160  stm32f10x_it.o(.text)
    WWDG_IRQHandler                          0x080001f3   Thumb Code     2  stm32f10x_it.o(.text)
    PVD_IRQHandler                           0x080001f5   Thumb Code     2  stm32f10x_it.o(.text)
    TAMPER_IRQHandler                        0x080001f7   Thumb Code     2  stm32f10x_it.o(.text)
    RTC_IRQHandler                           0x080001f9   Thumb Code     2  stm32f10x_it.o(.text)
    FLASH_IRQHandler                         0x080001fb   Thumb Code     2  stm32f10x_it.o(.text)
    RCC_IRQHandler                           0x080001fd   Thumb Code     2  stm32f10x_it.o(.text)
    EXTI0_IRQHandler                         0x080001ff   Thumb Code     2  stm32f10x_it.o(.text)
    EXTI1_IRQHandler                         0x08000201   Thumb Code     2  stm32f10x_it.o(.text)
    EXTI2_IRQHandler                         0x08000203   Thumb Code     2  stm32f10x_it.o(.text)
    EXTI3_IRQHandler                         0x08000205   Thumb Code     2  stm32f10x_it.o(.text)
    EXTI4_IRQHandler                         0x08000207   Thumb Code     2  stm32f10x_it.o(.text)
    DMA1_Channel1_IRQHandler                 0x08000209   Thumb Code     2  stm32f10x_it.o(.text)
    DMA1_Channel2_IRQHandler                 0x0800020b   Thumb Code     2  stm32f10x_it.o(.text)
    DMA1_Channel3_IRQHandler                 0x0800020d   Thumb Code     2  stm32f10x_it.o(.text)
    DMA1_Channel4_IRQHandler                 0x0800020f   Thumb Code     2  stm32f10x_it.o(.text)
    DMA1_Channel5_IRQHandler                 0x08000211   Thumb Code     2  stm32f10x_it.o(.text)
    DMA1_Channel6_IRQHandler                 0x08000213   Thumb Code     2  stm32f10x_it.o(.text)
    DMA1_Channel7_IRQHandler                 0x08000215   Thumb Code     2  stm32f10x_it.o(.text)
    ADC1_2_IRQHandler                        0x08000217   Thumb Code     2  stm32f10x_it.o(.text)
    USB_HP_CAN_TX_IRQHandler                 0x08000219   Thumb Code     2  stm32f10x_it.o(.text)
    USB_LP_CAN_RX0_IRQHandler                0x0800021b   Thumb Code     2  stm32f10x_it.o(.text)
    CAN_RX1_IRQHandler                       0x0800021d   Thumb Code     2  stm32f10x_it.o(.text)
    CAN_SCE_IRQHandler                       0x0800021f   Thumb Code     2  stm32f10x_it.o(.text)
    EXTI9_5_IRQHandler                       0x08000221   Thumb Code     2  stm32f10x_it.o(.text)
    TIM1_BRK_IRQHandler                      0x08000223   Thumb Code     2  stm32f10x_it.o(.text)
    TIM1_UP_IRQHandler                       0x08000225   Thumb Code     2  stm32f10x_it.o(.text)
    TIM1_TRG_COM_IRQHandler                  0x08000227   Thumb Code     2  stm32f10x_it.o(.text)
    TIM1_CC_IRQHandler                       0x08000229   Thumb Code     2  stm32f10x_it.o(.text)
    TIM2_IRQHandler                          0x0800022b   Thumb Code     2  stm32f10x_it.o(.text)
    TIM3_IRQHandler                          0x0800022d   Thumb Code     2  stm32f10x_it.o(.text)
    TIM4_IRQHandler                          0x0800022f   Thumb Code     2  stm32f10x_it.o(.text)
    I2C1_EV_IRQHandler                       0x08000231   Thumb Code     2  stm32f10x_it.o(.text)
    I2C1_ER_IRQHandler                       0x08000233   Thumb Code     2  stm32f10x_it.o(.text)
    I2C2_EV_IRQHandler                       0x08000235   Thumb Code     2  stm32f10x_it.o(.text)
    I2C2_ER_IRQHandler                       0x08000237   Thumb Code     2  stm32f10x_it.o(.text)
    SPI1_IRQHandler                          0x08000239   Thumb Code     2  stm32f10x_it.o(.text)
    SPI2_IRQHandler                          0x0800023b   Thumb Code     2  stm32f10x_it.o(.text)
    USART1_IRQHandler                        0x0800023d   Thumb Code   172  stm32f10x_it.o(.text)
    USART2_IRQHandler                        0x080002e9   Thumb Code   172  stm32f10x_it.o(.text)
    USART3_IRQHandler                        0x08000395   Thumb Code   172  stm32f10x_it.o(.text)
    EXTI15_10_IRQHandler                     0x08000441   Thumb Code     2  stm32f10x_it.o(.text)
    RTCAlarm_IRQHandler                      0x08000443   Thumb Code     2  stm32f10x_it.o(.text)
    USBWakeUp_IRQHandler                     0x08000445   Thumb Code     2  stm32f10x_it.o(.text)
    TIM8_BRK_IRQHandler                      0x08000447   Thumb Code     2  stm32f10x_it.o(.text)
    TIM8_UP_IRQHandler                       0x08000449   Thumb Code     2  stm32f10x_it.o(.text)
    TIM8_TRG_COM_IRQHandler                  0x0800044b   Thumb Code     2  stm32f10x_it.o(.text)
    TIM8_CC_IRQHandler                       0x0800044d   Thumb Code     2  stm32f10x_it.o(.text)
    ADC3_IRQHandler                          0x0800044f   Thumb Code     2  stm32f10x_it.o(.text)
    FSMC_IRQHandler                          0x08000451   Thumb Code     2  stm32f10x_it.o(.text)
    SDIO_IRQHandler                          0x08000453   Thumb Code     2  stm32f10x_it.o(.text)
    TIM5_IRQHandler                          0x08000455   Thumb Code     2  stm32f10x_it.o(.text)
    SPI3_IRQHandler                          0x08000457   Thumb Code     2  stm32f10x_it.o(.text)
    UART4_IRQHandler                         0x08000459   Thumb Code     2  stm32f10x_it.o(.text)
    UART5_IRQHandler                         0x0800045b   Thumb Code     2  stm32f10x_it.o(.text)
    TIM6_IRQHandler                          0x0800045d   Thumb Code     2  stm32f10x_it.o(.text)
    TIM7_IRQHandler                          0x0800045f   Thumb Code     2  stm32f10x_it.o(.text)
    DMA2_Channel1_IRQHandler                 0x08000461   Thumb Code     2  stm32f10x_it.o(.text)
    DMA2_Channel2_IRQHandler                 0x08000463   Thumb Code     2  stm32f10x_it.o(.text)
    DMA2_Channel3_IRQHandler                 0x08000465   Thumb Code     2  stm32f10x_it.o(.text)
    DMA2_Channel4_5_IRQHandler               0x08000467   Thumb Code     2  stm32f10x_it.o(.text)
    SystemInit                               0x0800053d   Thumb Code    64  system_stm32f10x.o(.text)
    SystemCoreClockUpdate                    0x0800057d   Thumb Code    84  system_stm32f10x.o(.text)
    delay_osschedlock                        0x080005f1   Thumb Code     4  delay.o(.text)
    delay_osschedunlock                      0x080005f5   Thumb Code     4  delay.o(.text)
    delay_ostimedly                          0x080005f9   Thumb Code     4  delay.o(.text)
    delay_init                               0x080005fd   Thumb Code    58  delay.o(.text)
    delay_us                                 0x08000637   Thumb Code    62  delay.o(.text)
    delay_ms                                 0x08000675   Thumb Code    54  delay.o(.text)
    _sys_exit                                0x080006c1   Thumb Code     2  usart.o(.text)
    fputc                                    0x080006c3   Thumb Code    18  usart.o(.text)
    uart_init                                0x080006d5   Thumb Code   156  usart.o(.text)
    Reset_Handler                            0x08000779   Thumb Code     8  startup_stm32f10x_hd.o(.text)
    CAN1_RX1_IRQHandler                      0x08000793   Thumb Code     0  startup_stm32f10x_hd.o(.text)
    CAN1_SCE_IRQHandler                      0x08000793   Thumb Code     0  startup_stm32f10x_hd.o(.text)
    USB_HP_CAN1_TX_IRQHandler                0x08000793   Thumb Code     0  startup_stm32f10x_hd.o(.text)
    USB_LP_CAN1_RX0_IRQHandler               0x08000793   Thumb Code     0  startup_stm32f10x_hd.o(.text)
    NVIC_PriorityGroupConfig                 0x0800079d   Thumb Code    10  misc.o(.text)
    NVIC_Init                                0x080007a7   Thumb Code    94  misc.o(.text)
    NVIC_SetVectorTable                      0x08000805   Thumb Code    14  misc.o(.text)
    NVIC_SystemLPConfig                      0x08000813   Thumb Code    20  misc.o(.text)
    SysTick_CLKSourceConfig                  0x08000827   Thumb Code    24  misc.o(.text)
    GPIO_DeInit                              0x0800084d   Thumb Code   152  stm32f10x_gpio.o(.text)
    GPIO_AFIODeInit                          0x080008e5   Thumb Code    22  stm32f10x_gpio.o(.text)
    GPIO_Init                                0x080008fb   Thumb Code   164  stm32f10x_gpio.o(.text)
    GPIO_StructInit                          0x0800099f   Thumb Code    16  stm32f10x_gpio.o(.text)
    GPIO_ReadInputDataBit                    0x080009af   Thumb Code    14  stm32f10x_gpio.o(.text)
    GPIO_ReadInputData                       0x080009bd   Thumb Code     6  stm32f10x_gpio.o(.text)
    GPIO_ReadOutputDataBit                   0x080009c3   Thumb Code    14  stm32f10x_gpio.o(.text)
    GPIO_ReadOutputData                      0x080009d1   Thumb Code     6  stm32f10x_gpio.o(.text)
    GPIO_SetBits                             0x080009d7   Thumb Code     4  stm32f10x_gpio.o(.text)
    GPIO_ResetBits                           0x080009db   Thumb Code     4  stm32f10x_gpio.o(.text)
    GPIO_WriteBit                            0x080009df   Thumb Code    10  stm32f10x_gpio.o(.text)
    GPIO_Write                               0x080009e9   Thumb Code     4  stm32f10x_gpio.o(.text)
    GPIO_PinLockConfig                       0x080009ed   Thumb Code    16  stm32f10x_gpio.o(.text)
    GPIO_EventOutputConfig                   0x080009fd   Thumb Code    22  stm32f10x_gpio.o(.text)
    GPIO_EventOutputCmd                      0x08000a13   Thumb Code     6  stm32f10x_gpio.o(.text)
    GPIO_PinRemapConfig                      0x08000a19   Thumb Code    82  stm32f10x_gpio.o(.text)
    GPIO_EXTILineConfig                      0x08000a6b   Thumb Code    34  stm32f10x_gpio.o(.text)
    GPIO_ETH_MediaInterfaceConfig            0x08000a8d   Thumb Code     8  stm32f10x_gpio.o(.text)
    USART_DeInit                             0x08000ab9   Thumb Code    96  stm32f10x_usart.o(.text)
    USART_Init                               0x08000b19   Thumb Code   166  stm32f10x_usart.o(.text)
    USART_StructInit                         0x08000bbf   Thumb Code    22  stm32f10x_usart.o(.text)
    USART_ClockInit                          0x08000bd5   Thumb Code    30  stm32f10x_usart.o(.text)
    USART_ClockStructInit                    0x08000bf3   Thumb Code    12  stm32f10x_usart.o(.text)
    USART_Cmd                                0x08000bff   Thumb Code    20  stm32f10x_usart.o(.text)
    USART_ITConfig                           0x08000c13   Thumb Code    48  stm32f10x_usart.o(.text)
    USART_DMACmd                             0x08000c43   Thumb Code    16  stm32f10x_usart.o(.text)
    USART_SetAddress                         0x08000c53   Thumb Code    16  stm32f10x_usart.o(.text)
    USART_WakeUpConfig                       0x08000c63   Thumb Code    16  stm32f10x_usart.o(.text)
    USART_ReceiverWakeUpCmd                  0x08000c73   Thumb Code    20  stm32f10x_usart.o(.text)
    USART_LINBreakDetectLengthConfig         0x08000c87   Thumb Code    16  stm32f10x_usart.o(.text)
    USART_LINCmd                             0x08000c97   Thumb Code    20  stm32f10x_usart.o(.text)
    USART_SendData                           0x08000cab   Thumb Code     8  stm32f10x_usart.o(.text)
    USART_ReceiveData                        0x08000cb3   Thumb Code     8  stm32f10x_usart.o(.text)
    USART_SendBreak                          0x08000cbb   Thumb Code    10  stm32f10x_usart.o(.text)
    USART_SetGuardTime                       0x08000cc5   Thumb Code    16  stm32f10x_usart.o(.text)
    USART_SetPrescaler                       0x08000cd5   Thumb Code    16  stm32f10x_usart.o(.text)
    USART_SmartCardCmd                       0x08000ce5   Thumb Code    20  stm32f10x_usart.o(.text)
    USART_SmartCardNACKCmd                   0x08000cf9   Thumb Code    20  stm32f10x_usart.o(.text)
    USART_HalfDuplexCmd                      0x08000d0d   Thumb Code    20  stm32f10x_usart.o(.text)
    USART_OverSampling8Cmd                   0x08000d21   Thumb Code    20  stm32f10x_usart.o(.text)
    USART_OneBitMethodCmd                    0x08000d35   Thumb Code    20  stm32f10x_usart.o(.text)
    USART_IrDAConfig                         0x08000d49   Thumb Code    16  stm32f10x_usart.o(.text)
    USART_IrDACmd                            0x08000d59   Thumb Code    20  stm32f10x_usart.o(.text)
    USART_GetFlagStatus                      0x08000d6d   Thumb Code    14  stm32f10x_usart.o(.text)
    USART_ClearFlag                          0x08000d7b   Thumb Code     6  stm32f10x_usart.o(.text)
    USART_GetITStatus                        0x08000d81   Thumb Code    62  stm32f10x_usart.o(.text)
    USART_ClearITPendingBit                  0x08000dbf   Thumb Code    12  stm32f10x_usart.o(.text)
    RCC_DeInit                               0x08000de1   Thumb Code    50  stm32f10x_rcc.o(.text)
    RCC_HSEConfig                            0x08000e13   Thumb Code    48  stm32f10x_rcc.o(.text)
    RCC_GetFlagStatus                        0x08000e43   Thumb Code    42  stm32f10x_rcc.o(.text)
    RCC_WaitForHSEStartUp                    0x08000e6d   Thumb Code    44  stm32f10x_rcc.o(.text)
    RCC_AdjustHSICalibrationValue            0x08000e99   Thumb Code    16  stm32f10x_rcc.o(.text)
    RCC_HSICmd                               0x08000ea9   Thumb Code     6  stm32f10x_rcc.o(.text)
    RCC_PLLConfig                            0x08000eaf   Thumb Code    16  stm32f10x_rcc.o(.text)
    RCC_PLLCmd                               0x08000ebf   Thumb Code     6  stm32f10x_rcc.o(.text)
    RCC_SYSCLKConfig                         0x08000ec5   Thumb Code    14  stm32f10x_rcc.o(.text)
    RCC_GetSYSCLKSource                      0x08000ed3   Thumb Code    10  stm32f10x_rcc.o(.text)
    RCC_HCLKConfig                           0x08000edd   Thumb Code    14  stm32f10x_rcc.o(.text)
    RCC_PCLK1Config                          0x08000eeb   Thumb Code    14  stm32f10x_rcc.o(.text)
    RCC_PCLK2Config                          0x08000ef9   Thumb Code    16  stm32f10x_rcc.o(.text)
    RCC_ITConfig                             0x08000f09   Thumb Code    18  stm32f10x_rcc.o(.text)
    RCC_USBCLKConfig                         0x08000f1b   Thumb Code     8  stm32f10x_rcc.o(.text)
    RCC_ADCCLKConfig                         0x08000f23   Thumb Code    14  stm32f10x_rcc.o(.text)
    RCC_LSEConfig                            0x08000f31   Thumb Code    28  stm32f10x_rcc.o(.text)
    RCC_LSICmd                               0x08000f4d   Thumb Code     6  stm32f10x_rcc.o(.text)
    RCC_RTCCLKConfig                         0x08000f53   Thumb Code    10  stm32f10x_rcc.o(.text)
    RCC_RTCCLKCmd                            0x08000f5d   Thumb Code     8  stm32f10x_rcc.o(.text)
    RCC_GetClocksFreq                        0x08000f65   Thumb Code   128  stm32f10x_rcc.o(.text)
    RCC_AHBPeriphClockCmd                    0x08000fe5   Thumb Code    18  stm32f10x_rcc.o(.text)
    RCC_APB2PeriphClockCmd                   0x08000ff7   Thumb Code    18  stm32f10x_rcc.o(.text)
    RCC_APB1PeriphClockCmd                   0x08001009   Thumb Code    18  stm32f10x_rcc.o(.text)
    RCC_APB2PeriphResetCmd                   0x0800101b   Thumb Code    18  stm32f10x_rcc.o(.text)
    RCC_APB1PeriphResetCmd                   0x0800102d   Thumb Code    18  stm32f10x_rcc.o(.text)
    RCC_BackupResetCmd                       0x0800103f   Thumb Code     8  stm32f10x_rcc.o(.text)
    RCC_ClockSecuritySystemCmd               0x08001047   Thumb Code     6  stm32f10x_rcc.o(.text)
    RCC_MCOConfig                            0x0800104d   Thumb Code     6  stm32f10x_rcc.o(.text)
    RCC_ClearFlag                            0x08001053   Thumb Code    12  stm32f10x_rcc.o(.text)
    RCC_GetITStatus                          0x0800105f   Thumb Code    16  stm32f10x_rcc.o(.text)
    RCC_ClearITPendingBit                    0x0800106f   Thumb Code     6  stm32f10x_rcc.o(.text)
    ADC_DeInit                               0x08001095   Thumb Code    56  stm32f10x_adc.o(.text)
    ADC_Init                                 0x080010cd   Thumb Code    62  stm32f10x_adc.o(.text)
    ADC_StructInit                           0x0800110b   Thumb Code    18  stm32f10x_adc.o(.text)
    ADC_Cmd                                  0x0800111d   Thumb Code    20  stm32f10x_adc.o(.text)
    ADC_DMACmd                               0x08001131   Thumb Code    20  stm32f10x_adc.o(.text)
    ADC_ITConfig                             0x08001145   Thumb Code    18  stm32f10x_adc.o(.text)
    ADC_ResetCalibration                     0x08001157   Thumb Code    10  stm32f10x_adc.o(.text)
    ADC_GetResetCalibrationStatus            0x08001161   Thumb Code    14  stm32f10x_adc.o(.text)
    ADC_StartCalibration                     0x0800116f   Thumb Code    10  stm32f10x_adc.o(.text)
    ADC_GetCalibrationStatus                 0x08001179   Thumb Code    14  stm32f10x_adc.o(.text)
    ADC_SoftwareStartConvCmd                 0x08001187   Thumb Code    20  stm32f10x_adc.o(.text)
    ADC_GetSoftwareStartConvStatus           0x0800119b   Thumb Code    14  stm32f10x_adc.o(.text)
    ADC_DiscModeChannelCountConfig           0x080011a9   Thumb Code    16  stm32f10x_adc.o(.text)
    ADC_DiscModeCmd                          0x080011b9   Thumb Code    20  stm32f10x_adc.o(.text)
    ADC_RegularChannelConfig                 0x080011cd   Thumb Code   116  stm32f10x_adc.o(.text)
    ADC_ExternalTrigConvCmd                  0x08001241   Thumb Code    20  stm32f10x_adc.o(.text)
    ADC_GetConversionValue                   0x08001255   Thumb Code     6  stm32f10x_adc.o(.text)
    ADC_GetDualModeConversionValue           0x0800125b   Thumb Code     8  stm32f10x_adc.o(.text)
    ADC_AutoInjectedConvCmd                  0x08001263   Thumb Code    20  stm32f10x_adc.o(.text)
    ADC_InjectedDiscModeCmd                  0x08001277   Thumb Code    20  stm32f10x_adc.o(.text)
    ADC_ExternalTrigInjectedConvConfig       0x0800128b   Thumb Code    12  stm32f10x_adc.o(.text)
    ADC_ExternalTrigInjectedConvCmd          0x08001297   Thumb Code    20  stm32f10x_adc.o(.text)
    ADC_SoftwareStartInjectedConvCmd         0x080012ab   Thumb Code    20  stm32f10x_adc.o(.text)
    ADC_GetSoftwareStartInjectedConvCmdStatus 0x080012bf   Thumb Code    14  stm32f10x_adc.o(.text)
    ADC_InjectedChannelConfig                0x080012cd   Thumb Code    74  stm32f10x_adc.o(.text)
    ADC_InjectedSequencerLengthConfig        0x08001317   Thumb Code    16  stm32f10x_adc.o(.text)
    ADC_SetInjectedOffset                    0x08001327   Thumb Code    10  stm32f10x_adc.o(.text)
    ADC_GetInjectedConversionValue           0x08001331   Thumb Code    14  stm32f10x_adc.o(.text)
    ADC_AnalogWatchdogCmd                    0x0800133f   Thumb Code    12  stm32f10x_adc.o(.text)
    ADC_AnalogWatchdogThresholdsConfig       0x0800134b   Thumb Code     6  stm32f10x_adc.o(.text)
    ADC_AnalogWatchdogSingleChannelConfig    0x08001351   Thumb Code    12  stm32f10x_adc.o(.text)
    ADC_TempSensorVrefintCmd                 0x0800135d   Thumb Code    24  stm32f10x_adc.o(.text)
    ADC_GetFlagStatus                        0x08001375   Thumb Code    14  stm32f10x_adc.o(.text)
    ADC_ClearFlag                            0x08001383   Thumb Code     6  stm32f10x_adc.o(.text)
    ADC_GetITStatus                          0x08001389   Thumb Code    28  stm32f10x_adc.o(.text)
    ADC_ClearITPendingBit                    0x080013a5   Thumb Code     8  stm32f10x_adc.o(.text)
    DAC_DeInit                               0x080013c5   Thumb Code    24  stm32f10x_dac.o(.text)
    DAC_Init                                 0x080013dd   Thumb Code    36  stm32f10x_dac.o(.text)
    DAC_StructInit                           0x08001401   Thumb Code    12  stm32f10x_dac.o(.text)
    DAC_Cmd                                  0x0800140d   Thumb Code    20  stm32f10x_dac.o(.text)
    DAC_DMACmd                               0x08001421   Thumb Code    20  stm32f10x_dac.o(.text)
    DAC_SoftwareTriggerCmd                   0x08001435   Thumb Code    26  stm32f10x_dac.o(.text)
    DAC_DualSoftwareTriggerCmd               0x0800144f   Thumb Code    24  stm32f10x_dac.o(.text)
    DAC_WaveGenerationCmd                    0x08001467   Thumb Code    18  stm32f10x_dac.o(.text)
    DAC_SetChannel1Data                      0x08001479   Thumb Code    14  stm32f10x_dac.o(.text)
    DAC_SetChannel2Data                      0x08001487   Thumb Code    14  stm32f10x_dac.o(.text)
    DAC_SetDualChannelData                   0x08001495   Thumb Code    22  stm32f10x_dac.o(.text)
    DAC_GetDataOutputValue                   0x080014ab   Thumb Code    18  stm32f10x_dac.o(.text)
    IWDG_WriteAccessCmd                      0x080014c1   Thumb Code     6  stm32f10x_iwdg.o(.text)
    IWDG_SetPrescaler                        0x080014c7   Thumb Code     6  stm32f10x_iwdg.o(.text)
    IWDG_SetReload                           0x080014cd   Thumb Code     6  stm32f10x_iwdg.o(.text)
    IWDG_ReloadCounter                       0x080014d3   Thumb Code    10  stm32f10x_iwdg.o(.text)
    IWDG_Enable                              0x080014dd   Thumb Code    10  stm32f10x_iwdg.o(.text)
    IWDG_GetFlagStatus                       0x080014e7   Thumb Code    16  stm32f10x_iwdg.o(.text)
    TIM_DeInit                               0x080014fd   Thumb Code   304  stm32f10x_tim.o(.text)
    TIM_TimeBaseInit                         0x0800162d   Thumb Code   114  stm32f10x_tim.o(.text)
    TIM_OC1Init                              0x0800169f   Thumb Code   106  stm32f10x_tim.o(.text)
    TIM_OC2Init                              0x08001709   Thumb Code   120  stm32f10x_tim.o(.text)
    TIM_OC3Init                              0x08001781   Thumb Code   116  stm32f10x_tim.o(.text)
    TIM_OC4Init                              0x080017f5   Thumb Code    90  stm32f10x_tim.o(.text)
    TIM_SetIC4Prescaler                      0x0800184f   Thumb Code    24  stm32f10x_tim.o(.text)
    TIM_SetIC3Prescaler                      0x08001867   Thumb Code    16  stm32f10x_tim.o(.text)
    TIM_SetIC2Prescaler                      0x08001877   Thumb Code    24  stm32f10x_tim.o(.text)
    TIM_SetIC1Prescaler                      0x08001935   Thumb Code    16  stm32f10x_tim.o(.text)
    TIM_ICInit                               0x0800199d   Thumb Code   272  stm32f10x_tim.o(.text)
    TIM_PWMIConfig                           0x08001aad   Thumb Code   104  stm32f10x_tim.o(.text)
    TIM_BDTRConfig                           0x08001b15   Thumb Code    34  stm32f10x_tim.o(.text)
    TIM_TimeBaseStructInit                   0x08001b37   Thumb Code    18  stm32f10x_tim.o(.text)
    TIM_OCStructInit                         0x08001b49   Thumb Code    20  stm32f10x_tim.o(.text)
    TIM_ICStructInit                         0x08001b5d   Thumb Code    16  stm32f10x_tim.o(.text)
    TIM_BDTRStructInit                       0x08001b6d   Thumb Code    18  stm32f10x_tim.o(.text)
    TIM_Cmd                                  0x08001b7f   Thumb Code    20  stm32f10x_tim.o(.text)
    TIM_CtrlPWMOutputs                       0x08001b93   Thumb Code    22  stm32f10x_tim.o(.text)
    TIM_ITConfig                             0x08001ba9   Thumb Code    16  stm32f10x_tim.o(.text)
    TIM_GenerateEvent                        0x08001bb9   Thumb Code     4  stm32f10x_tim.o(.text)
    TIM_DMAConfig                            0x08001bbd   Thumb Code     8  stm32f10x_tim.o(.text)
    TIM_DMACmd                               0x08001bc5   Thumb Code    16  stm32f10x_tim.o(.text)
    TIM_InternalClockConfig                  0x08001bd5   Thumb Code    10  stm32f10x_tim.o(.text)
    TIM_SelectInputTrigger                   0x08001bdf   Thumb Code    12  stm32f10x_tim.o(.text)
    TIM_ITRxExternalClockConfig              0x08001beb   Thumb Code    18  stm32f10x_tim.o(.text)
    TIM_TIxExternalClockConfig               0x08001bfd   Thumb Code    46  stm32f10x_tim.o(.text)
    TIM_ETRConfig                            0x08001c2b   Thumb Code    24  stm32f10x_tim.o(.text)
    TIM_ETRClockMode1Config                  0x08001c43   Thumb Code    18  stm32f10x_tim.o(.text)
    TIM_ETRClockMode2Config                  0x08001c55   Thumb Code    18  stm32f10x_tim.o(.text)
    TIM_PrescalerConfig                      0x08001c67   Thumb Code     6  stm32f10x_tim.o(.text)
    TIM_CounterModeConfig                    0x08001c6d   Thumb Code    12  stm32f10x_tim.o(.text)
    TIM_EncoderInterfaceConfig               0x08001c79   Thumb Code    50  stm32f10x_tim.o(.text)
    TIM_ForcedOC1Config                      0x08001cab   Thumb Code    12  stm32f10x_tim.o(.text)
    TIM_ForcedOC2Config                      0x08001cb7   Thumb Code    20  stm32f10x_tim.o(.text)
    TIM_ForcedOC3Config                      0x08001ccb   Thumb Code    12  stm32f10x_tim.o(.text)
    TIM_ForcedOC4Config                      0x08001cd7   Thumb Code    20  stm32f10x_tim.o(.text)
    TIM_ARRPreloadConfig                     0x08001ceb   Thumb Code    20  stm32f10x_tim.o(.text)
    TIM_SelectCOM                            0x08001cff   Thumb Code    20  stm32f10x_tim.o(.text)
    TIM_SelectCCDMA                          0x08001d13   Thumb Code    20  stm32f10x_tim.o(.text)
    TIM_CCPreloadControl                     0x08001d27   Thumb Code    20  stm32f10x_tim.o(.text)
    TIM_OC1PreloadConfig                     0x08001d3b   Thumb Code    34  stm32f10x_tim.o(.text)
    TIM_OC2PreloadConfig                     0x08001d5d   Thumb Code    20  stm32f10x_tim.o(.text)
    TIM_OC3PreloadConfig                     0x08001d71   Thumb Code    12  stm32f10x_tim.o(.text)
    TIM_OC4PreloadConfig                     0x08001d7d   Thumb Code    20  stm32f10x_tim.o(.text)
    TIM_OC1FastConfig                        0x08001d91   Thumb Code    12  stm32f10x_tim.o(.text)
    TIM_OC2FastConfig                        0x08001d9d   Thumb Code    20  stm32f10x_tim.o(.text)
    TIM_OC3FastConfig                        0x08001db1   Thumb Code    12  stm32f10x_tim.o(.text)
    TIM_OC4FastConfig                        0x08001dbd   Thumb Code    20  stm32f10x_tim.o(.text)
    TIM_ClearOC1Ref                          0x08001dd1   Thumb Code    12  stm32f10x_tim.o(.text)
    TIM_ClearOC2Ref                          0x08001ddd   Thumb Code    20  stm32f10x_tim.o(.text)
    TIM_ClearOC3Ref                          0x08001df1   Thumb Code    12  stm32f10x_tim.o(.text)
    TIM_ClearOC4Ref                          0x08001dfd   Thumb Code    20  stm32f10x_tim.o(.text)
    TIM_OC1PolarityConfig                    0x08001e11   Thumb Code    12  stm32f10x_tim.o(.text)
    TIM_OC1NPolarityConfig                   0x08001e1d   Thumb Code    12  stm32f10x_tim.o(.text)
    TIM_OC2PolarityConfig                    0x08001e29   Thumb Code    20  stm32f10x_tim.o(.text)
    TIM_OC2NPolarityConfig                   0x08001e3d   Thumb Code    20  stm32f10x_tim.o(.text)
    TIM_OC3PolarityConfig                    0x08001e51   Thumb Code    20  stm32f10x_tim.o(.text)
    TIM_OC3NPolarityConfig                   0x08001e65   Thumb Code    20  stm32f10x_tim.o(.text)
    TIM_OC4PolarityConfig                    0x08001e79   Thumb Code    20  stm32f10x_tim.o(.text)
    TIM_CCxCmd                               0x08001e8d   Thumb Code    22  stm32f10x_tim.o(.text)
    TIM_CCxNCmd                              0x08001ea3   Thumb Code    22  stm32f10x_tim.o(.text)
    TIM_SelectOCxM                           0x08001eb9   Thumb Code    70  stm32f10x_tim.o(.text)
    TIM_UpdateDisableConfig                  0x08001eff   Thumb Code    20  stm32f10x_tim.o(.text)
    TIM_UpdateRequestConfig                  0x08001f13   Thumb Code    20  stm32f10x_tim.o(.text)
    TIM_SelectHallSensor                     0x08001f27   Thumb Code    20  stm32f10x_tim.o(.text)
    TIM_SelectOnePulseMode                   0x08001f3b   Thumb Code    16  stm32f10x_tim.o(.text)
    TIM_SelectOutputTrigger                  0x08001f4b   Thumb Code    16  stm32f10x_tim.o(.text)
    TIM_SelectSlaveMode                      0x08001f5b   Thumb Code    16  stm32f10x_tim.o(.text)
    TIM_SelectMasterSlaveMode                0x08001f6b   Thumb Code    16  stm32f10x_tim.o(.text)
    TIM_SetCounter                           0x08001f7b   Thumb Code     4  stm32f10x_tim.o(.text)
    TIM_SetAutoreload                        0x08001f7f   Thumb Code     4  stm32f10x_tim.o(.text)
    TIM_SetCompare1                          0x08001f83   Thumb Code     4  stm32f10x_tim.o(.text)
    TIM_SetCompare2                          0x08001f87   Thumb Code     4  stm32f10x_tim.o(.text)
    TIM_SetCompare3                          0x08001f8b   Thumb Code     4  stm32f10x_tim.o(.text)
    TIM_SetCompare4                          0x08001f8f   Thumb Code     6  stm32f10x_tim.o(.text)
    TIM_SetClockDivision                     0x08001f95   Thumb Code    16  stm32f10x_tim.o(.text)
    TIM_GetCapture1                          0x08001fa5   Thumb Code     4  stm32f10x_tim.o(.text)
    TIM_GetCapture2                          0x08001fa9   Thumb Code     4  stm32f10x_tim.o(.text)
    TIM_GetCapture3                          0x08001fad   Thumb Code     4  stm32f10x_tim.o(.text)
    TIM_GetCapture4                          0x08001fb1   Thumb Code     6  stm32f10x_tim.o(.text)
    TIM_GetCounter                           0x08001fb7   Thumb Code     4  stm32f10x_tim.o(.text)
    TIM_GetPrescaler                         0x08001fbb   Thumb Code     4  stm32f10x_tim.o(.text)
    TIM_GetFlagStatus                        0x08001fbf   Thumb Code    14  stm32f10x_tim.o(.text)
    TIM_ClearFlag                            0x08001fcd   Thumb Code     6  stm32f10x_tim.o(.text)
    TIM_GetITStatus                          0x08001fd3   Thumb Code    24  stm32f10x_tim.o(.text)
    TIM_ClearITPendingBit                    0x08001feb   Thumb Code     6  stm32f10x_tim.o(.text)
    FLASH_SetLatency                         0x08001ff1   Thumb Code    14  stm32f10x_flash.o(.text)
    FLASH_HalfCycleAccessCmd                 0x08001fff   Thumb Code    18  stm32f10x_flash.o(.text)
    FLASH_PrefetchBufferCmd                  0x08002011   Thumb Code    18  stm32f10x_flash.o(.text)
    FLASH_Unlock                             0x08002023   Thumb Code    12  stm32f10x_flash.o(.text)
    FLASH_UnlockBank1                        0x0800202f   Thumb Code    12  stm32f10x_flash.o(.text)
    FLASH_Lock                               0x0800203b   Thumb Code    12  stm32f10x_flash.o(.text)
    FLASH_LockBank1                          0x08002047   Thumb Code    12  stm32f10x_flash.o(.text)
    FLASH_GetBank1Status                     0x08002053   Thumb Code    34  stm32f10x_flash.o(.text)
    FLASH_WaitForLastOperation               0x08002075   Thumb Code    36  stm32f10x_flash.o(.text)
    FLASH_ErasePage                          0x08002099   Thumb Code    56  stm32f10x_flash.o(.text)
    FLASH_EraseAllPages                      0x080020d1   Thumb Code    52  stm32f10x_flash.o(.text)
    FLASH_WaitForLastBank1Operation          0x08002105   Thumb Code    36  stm32f10x_flash.o(.text)
    FLASH_EraseAllBank1Pages                 0x08002129   Thumb Code    52  stm32f10x_flash.o(.text)
    FLASH_GetReadOutProtectionStatus         0x0800215d   Thumb Code    14  stm32f10x_flash.o(.text)
    FLASH_EraseOptionBytes                   0x0800216b   Thumb Code   108  stm32f10x_flash.o(.text)
    FLASH_ProgramWord                        0x080021d7   Thumb Code    72  stm32f10x_flash.o(.text)
    FLASH_ProgramHalfWord                    0x0800221f   Thumb Code    48  stm32f10x_flash.o(.text)
    FLASH_ProgramOptionByteData              0x0800224f   Thumb Code    62  stm32f10x_flash.o(.text)
    FLASH_EnableWriteProtection              0x0800228d   Thumb Code   150  stm32f10x_flash.o(.text)
    FLASH_ReadOutProtection                  0x08002323   Thumb Code   118  stm32f10x_flash.o(.text)
    FLASH_UserOptionByteConfig               0x08002399   Thumb Code    92  stm32f10x_flash.o(.text)
    FLASH_GetUserOptionByte                  0x080023f5   Thumb Code     8  stm32f10x_flash.o(.text)
    FLASH_GetWriteProtectionOptionByte       0x080023fd   Thumb Code     6  stm32f10x_flash.o(.text)
    FLASH_GetPrefetchBufferStatus            0x08002403   Thumb Code    14  stm32f10x_flash.o(.text)
    FLASH_ITConfig                           0x08002411   Thumb Code    18  stm32f10x_flash.o(.text)
    FLASH_GetFlagStatus                      0x08002423   Thumb Code    28  stm32f10x_flash.o(.text)
    FLASH_ClearFlag                          0x0800243f   Thumb Code     6  stm32f10x_flash.o(.text)
    FLASH_GetStatus                          0x08002445   Thumb Code    34  stm32f10x_flash.o(.text)
    OS_TaskStatStkChk                        0x0800246d   Thumb Code    50  os_core.o(.text)
    OS_TaskStat                              0x0800249f   Thumb Code    82  os_core.o(.text)
    OS_TaskIdle                              0x080024f1   Thumb Code    24  os_core.o(.text)
    OS_MemClr                                0x08002509   Thumb Code    18  os_core.o(.text)
    OSInit                                   0x0800251b   Thumb Code   230  os_core.o(.text)
    OSIntEnter                               0x08002601   Thumb Code    20  os_core.o(.text)
    OSIntExit                                0x08002615   Thumb Code    82  os_core.o(.text)
    OSSchedLock                              0x08002667   Thumb Code    38  os_core.o(.text)
    OS_Sched                                 0x0800268d   Thumb Code    64  os_core.o(.text)
    OSSchedUnlock                            0x080026cd   Thumb Code    52  os_core.o(.text)
    OSStart                                  0x08002701   Thumb Code    38  os_core.o(.text)
    OSStatInit                               0x08002727   Thumb Code    48  os_core.o(.text)
    OSTimeTick                               0x08002757   Thumb Code   156  os_core.o(.text)
    OSVersion                                0x080027f3   Thumb Code     6  os_core.o(.text)
    OS_Dummy                                 0x080027f9   Thumb Code     2  os_core.o(.text)
    OS_EventTaskRemove                       0x080027fb   Thumb Code    32  os_core.o(.text)
    OS_EventTaskRdy                          0x0800281b   Thumb Code   142  os_core.o(.text)
    OS_EventTaskWait                         0x080028a9   Thumb Code    68  os_core.o(.text)
    OS_EventWaitListInit                     0x080028ed   Thumb Code    20  os_core.o(.text)
    OS_MemCopy                               0x08002901   Thumb Code    22  os_core.o(.text)
    OS_StrLen                                0x08002917   Thumb Code    20  os_core.o(.text)
    OS_TCBInit                               0x0800292b   Thumb Code   220  os_core.o(.text)
    OSFlagAccept                             0x08002a99   Thumb Code   158  os_flag.o(.text)
    OSFlagCreate                             0x08002b37   Thumb Code    68  os_flag.o(.text)
    OS_FlagUnlink                            0x08002b7b   Thumb Code    32  os_flag.o(.text)
    OSFlagDel                                0x08002be3   Thumb Code   180  os_flag.o(.text)
    OSFlagNameGet                            0x08002c97   Thumb Code    72  os_flag.o(.text)
    OSFlagNameSet                            0x08002cdf   Thumb Code    50  os_flag.o(.text)
    OSFlagPend                               0x08002d67   Thumb Code   370  os_flag.o(.text)
    OSFlagPendGetFlagsRdy                    0x08002ed9   Thumb Code    20  os_flag.o(.text)
    OSFlagPost                               0x08002eed   Thumb Code   210  os_flag.o(.text)
    OSFlagQuery                              0x08002fbf   Thumb Code    38  os_flag.o(.text)
    OS_FlagInit                              0x08002fe5   Thumb Code    64  os_flag.o(.text)
    OSQAccept                                0x0800302d   Thumb Code    78  os_q.o(.text)
    OSQCreate                                0x0800307b   Thumb Code   110  os_q.o(.text)
    OSQDel                                   0x080030e9   Thumb Code   210  os_q.o(.text)
    OSQFlush                                 0x080031bb   Thumb Code    32  os_q.o(.text)
    OSQPend                                  0x080031db   Thumb Code   204  os_q.o(.text)
    OSQPendAbort                             0x080032a7   Thumb Code   108  os_q.o(.text)
    OSQPost                                  0x08003313   Thumb Code   106  os_q.o(.text)
    OSQPostFront                             0x0800337d   Thumb Code   104  os_q.o(.text)
    OSQPostOpt                               0x080033e5   Thumb Code   182  os_q.o(.text)
    OSQQuery                                 0x0800349b   Thumb Code    84  os_q.o(.text)
    OS_QInit                                 0x080034ef   Thumb Code    56  os_q.o(.text)
    OSSemAccept                              0x08003531   Thumb Code    34  os_sem.o(.text)
    OSSemCreate                              0x08003553   Thumb Code    54  os_sem.o(.text)
    OSSemDel                                 0x08003589   Thumb Code   180  os_sem.o(.text)
    OSSemPend                                0x0800363d   Thumb Code   170  os_sem.o(.text)
    OSSemPendAbort                           0x080036e7   Thumb Code   110  os_sem.o(.text)
    OSSemPost                                0x08003755   Thumb Code    82  os_sem.o(.text)
    OSSemQuery                               0x080037a7   Thumb Code    64  os_sem.o(.text)
    OSSemSet                                 0x080037e7   Thumb Code    52  os_sem.o(.text)
    OSTaskChangePrio                         0x0800382d   Thumb Code   262  os_task.o(.text)
    OSTaskCreate                             0x08003933   Thumb Code   124  os_task.o(.text)
    OS_TaskStkClr                            0x080039af   Thumb Code    22  os_task.o(.text)
    OSTaskCreateExt                          0x080039c5   Thumb Code   144  os_task.o(.text)
    OSTaskDel                                0x08003a55   Thumb Code   264  os_task.o(.text)
    OSTaskDelReq                             0x08003b5d   Thumb Code    90  os_task.o(.text)
    OSTaskNameGet                            0x08003bb7   Thumb Code    92  os_task.o(.text)
    OSTaskNameSet                            0x08003c13   Thumb Code   122  os_task.o(.text)
    OSTaskResume                             0x08003c8d   Thumb Code   120  os_task.o(.text)
    OSTaskStkChk                             0x08003d05   Thumb Code   106  os_task.o(.text)
    OSTaskSuspend                            0x08003d6f   Thumb Code   128  os_task.o(.text)
    OSTaskQuery                              0x08003def   Thumb Code    74  os_task.o(.text)
    OSTaskRegGet                             0x08003e39   Thumb Code    50  os_task.o(.text)
    OSTaskRegSet                             0x08003e6b   Thumb Code    54  os_task.o(.text)
    OS_TaskReturn                            0x08003ea1   Thumb Code    18  os_task.o(.text)
    OSTimeDly                                0x08003ec9   Thumb Code    82  os_time.o(.text)
    OSTimeDlyHMSM                            0x08003f1b   Thumb Code    68  os_time.o(.text)
    OSTimeDlyResume                          0x08003f5f   Thumb Code   144  os_time.o(.text)
    OSTimeGet                                0x08003fef   Thumb Code    18  os_time.o(.text)
    OSTimeSet                                0x08004001   Thumb Code    20  os_time.o(.text)
    OSTmrCreate                              0x08004031   Thumb Code   110  os_tmr.o(.text)
    OSTmrDel                                 0x0800410b   Thumb Code    94  os_tmr.o(.text)
    OSTmrNameGet                             0x08004169   Thumb Code    94  os_tmr.o(.text)
    OSTmrRemainGet                           0x080041c7   Thumb Code   126  os_tmr.o(.text)
    OSTmrStateGet                            0x08004245   Thumb Code    68  os_tmr.o(.text)
    OSTmrStart                               0x080042cb   Thumb Code    96  os_tmr.o(.text)
    OSTmrStop                                0x0800432b   Thumb Code   146  os_tmr.o(.text)
    OSTmrSignal                              0x080043bd   Thumb Code     8  os_tmr.o(.text)
    OSTmr_Init                               0x0800444f   Thumb Code   178  os_tmr.o(.text)
    OSInitHookBegin                          0x08004539   Thumb Code     8  os_cpu_c.o(.text)
    OSInitHookEnd                            0x08004541   Thumb Code     2  os_cpu_c.o(.text)
    OSTaskCreateHook                         0x08004543   Thumb Code     2  os_cpu_c.o(.text)
    OSTaskDelHook                            0x08004545   Thumb Code     2  os_cpu_c.o(.text)
    OSTaskIdleHook                           0x08004547   Thumb Code     2  os_cpu_c.o(.text)
    OSTaskStatHook                           0x08004549   Thumb Code     2  os_cpu_c.o(.text)
    OSTaskStkInit                            0x0800454b   Thumb Code   116  os_cpu_c.o(.text)
    OSTaskSwHook                             0x080045bf   Thumb Code     2  os_cpu_c.o(.text)
    OSTCBInitHook                            0x080045c1   Thumb Code     2  os_cpu_c.o(.text)
    OSTimeTickHook                           0x080045c3   Thumb Code    24  os_cpu_c.o(.text)
    OSTaskReturnHook                         0x080045db   Thumb Code     2  os_cpu_c.o(.text)
    OS_CPU_SR_Save                           0x080045e1   Thumb Code     0  os_cpu_a.o(.text)
    OS_CPU_SR_Restore                        0x080045e9   Thumb Code     0  os_cpu_a.o(.text)
    OSStartHighRdy                           0x080045ef   Thumb Code     0  os_cpu_a.o(.text)
    OSCtxSw                                  0x08004611   Thumb Code     0  os_cpu_a.o(.text)
    OSIntCtxSw                               0x0800461f   Thumb Code     0  os_cpu_a.o(.text)
    PendSV_Handler                           0x0800462f   Thumb Code     0  os_cpu_a.o(.text)
    P_Comm3_Handle                           0x08004695   Thumb Code   442  comm_handle.o(.text)
    MMSenDFuncode03Frame                     0x0800484f   Thumb Code   142  comm_handle.o(.text)
    P_Comm1_Send_Handle                      0x080048dd   Thumb Code    88  comm_handle.o(.text)
    P_Comm2_Handle                           0x08004935   Thumb Code   138  comm_handle.o(.text)
    P_Comm1_Handle                           0x080049bf   Thumb Code   564  comm_handle.o(.text)
    MasterReadSlave                          0x08004bf3   Thumb Code     8  comm_handle.o(.text)
    Control_Global_Init                      0x08004c09   Thumb Code   594  control_global.o(.text)
    AO_reg_init                              0x08004ef5   Thumb Code   116  control_main.o(.text)
    ADC_reg_init                             0x08004f69   Thumb Code    48  control_main.o(.text)
    IWDG_Configuration                       0x08004f99   Thumb Code    36  control_main.o(.text)
    timer_100ms_callback                     0x08004ffd   Thumb Code    26  control_main.o(.text)
    main                                     0x080050b3   Thumb Code    38  control_main.o(.text)
    to_float                                 0x0800512d   Thumb Code    12  function_handle.o(.text)
    P_Function_AI                            0x08005139   Thumb Code  6390  function_handle.o(.text)
    P_Function_AO                            0x08006a2f   Thumb Code   850  function_handle.o(.text)
    DO_store                                 0x08006d81   Thumb Code    30  function_handle.o(.text)
    P_Function_DO                            0x08006d9f   Thumb Code   106  function_handle.o(.text)
    P_Function_DI                            0x08006e09   Thumb Code    64  function_handle.o(.text)
    P_Function_RunStatus                     0x08006e49   Thumb Code    58  function_handle.o(.text)
    DO_reload                                0x08006e83   Thumb Code    64  function_handle.o(.text)
    PID_control_parameter_init_channel       0x08006ee1   Thumb Code    20  tpk8control.o(.text)
    PID_control_parameter_init               0x08006ef5   Thumb Code    42  tpk8control.o(.text)
    PIDCalc                                  0x08006f1f   Thumb Code   116  tpk8control.o(.text)
    cov_s16_to_float                         0x08006f93   Thumb Code    12  tpk8control.o(.text)
    cal_k_b                                  0x08006f9f   Thumb Code    74  tpk8control.o(.text)
    cal_k_b_channel                          0x08006fe9   Thumb Code   102  tpk8control.o(.text)
    get_value_current                        0x0800704f   Thumb Code    48  tpk8control.o(.text)
    get_value_target                         0x0800707f   Thumb Code    70  tpk8control.o(.text)
    PID_value_out                            0x080070c5   Thumb Code    20  tpk8control.o(.text)
    get_PID_parameter                        0x080070d9   Thumb Code    86  tpk8control.o(.text)
    pid_control                              0x0800712f   Thumb Code    60  tpk8control.o(.text)
    pid_control_top                          0x0800716b   Thumb Code    34  tpk8control.o(.text)
    BSP_AI_Select_Gain                       0x0800719d   Thumb Code   570  control_adc.o(.text)
    BSP_ADC_Config                           0x080073d7   Thumb Code   336  control_adc.o(.text)
    Get_ADC1                                 0x08007527   Thumb Code    46  control_adc.o(.text)
    Get_ADC3                                 0x08007555   Thumb Code    80  control_adc.o(.text)
    BSP_AI_SelectChannel                     0x080075a5   Thumb Code   616  control_adc.o(.text)
    BSP_AI_Select_Mode                       0x0800780d   Thumb Code   318  control_adc.o(.text)
    BSP_MeasurResist_CurrentOut              0x0800794b   Thumb Code    36  control_adc.o(.text)
    BSP_MeasurResist_CurrentOut_value        0x0800796f   Thumb Code     8  control_adc.o(.text)
    BSP_Config                               0x0800798d   Thumb Code   122  control_bsp.o(.text)
    BSP_Comm_Config                          0x08007a7d   Thumb Code   110  control_comm.o(.text)
    Get_CRC                                  0x08007aeb   Thumb Code    38  control_comm.o(.text)
    BSP_Comm_Tx_Mode                         0x08007b11   Thumb Code    66  control_comm.o(.text)
    BSP_COMM_Send                            0x08007b53   Thumb Code    74  control_comm.o(.text)
    BSP_COMM_Rece                            0x08007b9d   Thumb Code    92  control_comm.o(.text)
    BSP_Comm_Rx_Mode                         0x08007bf9   Thumb Code    66  control_comm.o(.text)
    BSP_Comm_Idle_Mode                       0x08007c3b   Thumb Code    90  control_comm.o(.text)
    BSP_DAC_Config                           0x08007eed   Thumb Code   196  control_dac.o(.text)
    BSP_PWM_DutyCycle                        0x08007fb1   Thumb Code    42  control_dac.o(.text)
    BSP_AO_Select_Mode                       0x08007fdb   Thumb Code    78  control_dac.o(.text)
    DI_ReadBits                              0x080080f1   Thumb Code   128  control_di.o(.text)
    Control_GPI_Config                       0x08008171   Thumb Code    64  control_di.o(.text)
    DO_SetBits                               0x080081bd   Thumb Code   118  control_do.o(.text)
    Sys_Run_LED                              0x08008233   Thumb Code    28  control_do.o(.text)
    DO_ResetBits                             0x0800824f   Thumb Code   116  control_do.o(.text)
    Control_GPIO_Config                      0x080082c3   Thumb Code   218  control_do.o(.text)
    I2C_GPIO_Init                            0x080083ad   Thumb Code    50  myiic.o(.text)
    I2C_SDA_OUT                              0x080083df   Thumb Code    32  myiic.o(.text)
    I2C_SDA_IN                               0x080083ff   Thumb Code    32  myiic.o(.text)
    I2C_Start                                0x0800841f   Thumb Code    68  myiic.o(.text)
    I2C_Stop                                 0x08008463   Thumb Code    58  myiic.o(.text)
    I2C_Wait_Ack                             0x0800849d   Thumb Code    86  myiic.o(.text)
    I2C_Ack                                  0x080084f3   Thumb Code    60  myiic.o(.text)
    I2C_NAck                                 0x0800852f   Thumb Code    60  myiic.o(.text)
    I2C_Write_1                              0x0800856b   Thumb Code    54  myiic.o(.text)
    I2C_Write_0                              0x080085a1   Thumb Code    54  myiic.o(.text)
    I2C_Send_Byte                            0x080085d7   Thumb Code    58  myiic.o(.text)
    I2C_Send_NByte                           0x08008611   Thumb Code    48  myiic.o(.text)
    I2C_Read_Byte                            0x08008641   Thumb Code   124  myiic.o(.text)
    I2C_Read_NByte                           0x080086bd   Thumb Code    50  myiic.o(.text)
    EEPROM_Read_Byte                         0x080086f5   Thumb Code    88  24cxx.o(.text)
    EEPROM_Read_NByte                        0x0800874d   Thumb Code    86  24cxx.o(.text)
    EEPROM_Write_Byte                        0x080087a3   Thumb Code    78  24cxx.o(.text)
    EEPROM_Write_NByte                       0x080087f1   Thumb Code    78  24cxx.o(.text)
    EEPROM_Read                              0x0800883f   Thumb Code    36  24cxx.o(.text)
    EEPROM_Write                             0x08008863   Thumb Code    48  24cxx.o(.text)
    __aeabi_memcpy                           0x08008893   Thumb Code    36  memcpya.o(.text)
    __aeabi_memcpy4                          0x08008893   Thumb Code     0  memcpya.o(.text)
    __aeabi_memcpy8                          0x08008893   Thumb Code     0  memcpya.o(.text)
    __aeabi_fadd                             0x080088b7   Thumb Code   164  fadd.o(.text)
    __aeabi_fsub                             0x0800895b   Thumb Code     6  fadd.o(.text)
    __aeabi_frsub                            0x08008961   Thumb Code     6  fadd.o(.text)
    __aeabi_fmul                             0x08008967   Thumb Code   100  fmul.o(.text)
    __aeabi_fdiv                             0x080089cb   Thumb Code   124  fdiv.o(.text)
    __aeabi_i2f                              0x08008a47   Thumb Code    18  fflti.o(.text)
    __aeabi_ui2f                             0x08008a59   Thumb Code    10  ffltui.o(.text)
    __aeabi_f2iz                             0x08008a63   Thumb Code    50  ffixi.o(.text)
    __aeabi_f2uiz                            0x08008a95   Thumb Code    40  ffixui.o(.text)
    __aeabi_cfcmpeq                          0x08008abd   Thumb Code     0  cfcmple.o(.text)
    __aeabi_cfcmple                          0x08008abd   Thumb Code    20  cfcmple.o(.text)
    __I$use$fp                               0x08008ad1   Thumb Code     0  iusefp.o(.text)
    _float_round                             0x08008ad1   Thumb Code    18  fepilogue.o(.text)
    _float_epilogue                          0x08008ae3   Thumb Code    92  fepilogue.o(.text)
    __scatterload                            0x08008b41   Thumb Code    28  init.o(.text)
    __scatterload_rt2                        0x08008b41   Thumb Code     0  init.o(.text)
    __0printf$bare                           0x08008b65   Thumb Code     8  printfb.o(i.__0printf$bare)
    __1printf$bare                           0x08008b65   Thumb Code     0  printfb.o(i.__0printf$bare)
    __2printf                                0x08008b65   Thumb Code     0  printfb.o(i.__0printf$bare)
    __scatterload_copy                       0x08008b75   Thumb Code    14  handlers.o(i.__scatterload_copy)
    __scatterload_null                       0x08008b83   Thumb Code     2  handlers.o(i.__scatterload_null)
    __scatterload_zeroinit                   0x08008b85   Thumb Code    14  handlers.o(i.__scatterload_zeroinit)
    OSUnMapTbl                               0x08008bb4   Data         256  os_core.o(.constdata)
    auchCRCHi                                0x08008cb4   Data         256  control_comm.o(.constdata)
    auchCRCLo                                0x08008db4   Data         256  control_comm.o(.constdata)
    Region$$Table$$Base                      0x08008eb4   Number         0  anon$$obj.o(Region$$Table)
    Region$$Table$$Limit                     0x08008ed4   Number         0  anon$$obj.o(Region$$Table)
    SystemCoreClock                          0x20000000   Data           4  system_stm32f10x.o(.data)
    AHBPrescTable                            0x20000004   Data          16  system_stm32f10x.o(.data)
    __stdout                                 0x20000018   Data           4  usart.o(.data)
    OSCPUUsage                               0x20000030   Data           1  os_core.o(.data)
    OSStatRdy                                0x20000031   Data           1  os_core.o(.data)
    OSIntNesting                             0x20000032   Data           1  os_core.o(.data)
    OSLockNesting                            0x20000033   Data           1  os_core.o(.data)
    OSPrioCur                                0x20000034   Data           1  os_core.o(.data)
    OSPrioHighRdy                            0x20000035   Data           1  os_core.o(.data)
    OSRdyGrp                                 0x20000036   Data           1  os_core.o(.data)
    OSRunning                                0x20000037   Data           1  os_core.o(.data)
    OSTaskCtr                                0x20000038   Data           1  os_core.o(.data)
    OSTickStepState                          0x20000039   Data           1  os_core.o(.data)
    OSCtxSwCtr                               0x2000003c   Data           4  os_core.o(.data)
    OSEventFreeList                          0x20000040   Data           4  os_core.o(.data)
    OSIdleCtrMax                             0x20000044   Data           4  os_core.o(.data)
    OSIdleCtrRun                             0x20000048   Data           4  os_core.o(.data)
    OSIdleCtr                                0x2000004c   Data           4  os_core.o(.data)
    OSTCBCur                                 0x20000050   Data           4  os_core.o(.data)
    OSTCBFreeList                            0x20000054   Data           4  os_core.o(.data)
    OSTCBHighRdy                             0x20000058   Data           4  os_core.o(.data)
    OSTCBList                                0x2000005c   Data           4  os_core.o(.data)
    OSTime                                   0x20000060   Data           4  os_core.o(.data)
    OSRdyTbl                                 0x20000064   Data           8  os_core.o(.data)
    OSFlagFreeList                           0x2000006c   Data           4  os_core.o(.data)
    OSQFreeList                              0x20000070   Data           4  os_core.o(.data)
    OSTmrFree                                0x20000074   Data           2  os_core.o(.data)
    OSTmrUsed                                0x20000076   Data           2  os_core.o(.data)
    OSTmrTime                                0x20000078   Data           4  os_core.o(.data)
    OSTmrSem                                 0x2000007c   Data           4  os_core.o(.data)
    OSTmrSemSignal                           0x20000080   Data           4  os_core.o(.data)
    OSTmrFreeList                            0x20000084   Data           4  os_core.o(.data)
    TimeBug                                  0x2000008c   Data           4  control_global.o(.data)
    led_on                                   0x20000090   Data           1  control_main.o(.data)
    comm1_master_wait_time_out               0x20000093   Data           1  control_main.o(.data)
    Sem_Comm1Rece                            0x20000094   Data           4  control_main.o(.data)
    Sem_Comm2Rece                            0x20000098   Data           4  control_main.o(.data)
    Sem_Comm3Rece                            0x2000009c   Data           4  control_main.o(.data)
    timer_100ms                              0x200000a0   Data           4  control_main.o(.data)
    comm1_master_complete_recv               0x200000a4   Data           1  control_main.o(.data)
    k                                        0x200000f4   Data           8  tpk8control.o(.data)
    b                                        0x200000fc   Data           8  tpk8control.o(.data)
    OSEventTbl                               0x20000104   Data         200  os_core.o(.bss)
    OSTaskStatStk                            0x200001cc   Data         512  os_core.o(.bss)
    OSTaskIdleStk                            0x200003cc   Data         512  os_core.o(.bss)
    OSTCBPrioTbl                             0x200005cc   Data         256  os_core.o(.bss)
    OSTCBTbl                                 0x200006cc   Data        1008  os_core.o(.bss)
    OSFlagTbl                                0x20000abc   Data          80  os_core.o(.bss)
    OSQTbl                                   0x20000b0c   Data         120  os_core.o(.bss)
    OSTmrTbl                                 0x20000b84   Data         640  os_core.o(.bss)
    OSTmrTaskStk                             0x20000e04   Data         512  os_core.o(.bss)
    OSTmrWheelTbl                            0x20001004   Data          64  os_core.o(.bss)
    Parameter_Set_Type                       0x200012cc   Data          18  control_global.o(.bss)
    ALL_DATA_RAM                             0x200012de   Data        1024  control_global.o(.bss)
    DO_realtime                              0x2000e100   Data          32  function_handle.o(.bss)
    pid                                      0x2000e120   Data          56  tpk8control.o(.bss)
    COMM1_ReceBuf                            0x2000e158   Data         108  control_comm.o(.bss)
    COMM2_ReceBuf                            0x2000e1c4   Data         108  control_comm.o(.bss)
    COMM3_ReceBuf                            0x2000e230   Data         108  control_comm.o(.bss)
    COMM1_SendBuf                            0x2000e29c   Data         108  control_comm.o(.bss)
    COMM2_SendBuf                            0x2000e308   Data         108  control_comm.o(.bss)
    COMM3_SendBuf                            0x2000e374   Data         108  control_comm.o(.bss)
    __initial_sp                             0x2000ebe0   Data           0  startup_stm32f10x_hd.o(STACK)



==============================================================================

Memory Map of the image

  Image Entry point : 0x08000131

  Load Region LR_IROM1 (Base: 0x08000000, Size: 0x00008fd8, Max: 0x00080000, ABSOLUTE)

    Execution Region ER_IROM1 (Base: 0x08000000, Size: 0x00008ed4, Max: 0x00080000, ABSOLUTE)

    Base Addr    Size         Type   Attr      Idx    E Section Name        Object

    0x08000000   0x00000130   Data   RO          232    RESET               startup_stm32f10x_hd.o
    0x08000130   0x00000000   Code   RO          853  * .ARM.Collect$$$$00000000  mc_w.l(entry.o)
    0x08000130   0x00000004   Code   RO         1157    .ARM.Collect$$$$00000001  mc_w.l(entry2.o)
    0x08000134   0x00000004   Code   RO         1160    .ARM.Collect$$$$00000004  mc_w.l(entry5.o)
    0x08000138   0x00000000   Code   RO         1162    .ARM.Collect$$$$00000008  mc_w.l(entry7b.o)
    0x08000138   0x00000000   Code   RO         1164    .ARM.Collect$$$$0000000A  mc_w.l(entry8b.o)
    0x08000138   0x00000008   Code   RO         1165    .ARM.Collect$$$$0000000B  mc_w.l(entry9a.o)
    0x08000140   0x00000000   Code   RO         1167    .ARM.Collect$$$$0000000D  mc_w.l(entry10a.o)
    0x08000140   0x00000000   Code   RO         1169    .ARM.Collect$$$$0000000F  mc_w.l(entry11a.o)
    0x08000140   0x00000004   Code   RO         1158    .ARM.Collect$$$$00002712  mc_w.l(entry2.o)
    0x08000144   0x00000358   Code   RO           91    .text               stm32f10x_it.o
    0x0800049c   0x00000154   Code   RO          134    .text               system_stm32f10x.o
    0x080005f0   0x000000d0   Code   RO          164    .text               delay.o
    0x080006c0   0x000000b8   Code   RO          196    .text               usart.o
    0x08000778   0x00000024   Code   RO          233    .text               startup_stm32f10x_hd.o
    0x0800079c   0x000000b0   Code   RO          237    .text               misc.o
    0x0800084c   0x0000026c   Code   RO          249    .text               stm32f10x_gpio.o
    0x08000ab8   0x00000328   Code   RO          261    .text               stm32f10x_usart.o
    0x08000de0   0x000002b4   Code   RO          273    .text               stm32f10x_rcc.o
    0x08001094   0x00000330   Code   RO          287    .text               stm32f10x_adc.o
    0x080013c4   0x000000fc   Code   RO          302    .text               stm32f10x_dac.o
    0x080014c0   0x0000003c   Code   RO          332    .text               stm32f10x_iwdg.o
    0x080014fc   0x00000af4   Code   RO          347    .text               stm32f10x_tim.o
    0x08001ff0   0x0000047c   Code   RO          375    .text               stm32f10x_flash.o
    0x0800246c   0x0000062c   Code   RO          391    .text               os_core.o
    0x08002a98   0x00000594   Code   RO          425    .text               os_flag.o
    0x0800302c   0x00000504   Code   RO          468    .text               os_q.o
    0x08003530   0x000002fc   Code   RO          480    .text               os_sem.o
    0x0800382c   0x0000069c   Code   RO          492    .text               os_task.o
    0x08003ec8   0x00000168   Code   RO          505    .text               os_time.o
    0x08004030   0x00000508   Code   RO          517    .text               os_tmr.o
    0x08004538   0x000000a8   Code   RO          529    .text               os_cpu_c.o
    0x080045e0   0x000000b4   Code   RO          552    .text               os_cpu_a.o
    0x08004694   0x00000574   Code   RO          555    .text               comm_handle.o
    0x08004c08   0x0000025c   Code   RO          589    .text               control_global.o
    0x08004e64   0x000002c8   Code   RO          616    .text               control_main.o
    0x0800512c   0x00001db4   Code   RO          684    .text               function_handle.o
    0x08006ee0   0x000002bc   Code   RO          710    .text               tpk8control.o
    0x0800719c   0x000007f0   Code   RO          727    .text               control_adc.o
    0x0800798c   0x000000f0   Code   RO          745    .text               control_bsp.o
    0x08007a7c   0x0000046e   Code   RO          757    .text               control_comm.o
    0x08007eea   0x00000002   PAD
    0x08007eec   0x00000204   Code   RO          779    .text               control_dac.o
    0x080080f0   0x000000cc   Code   RO          794    .text               control_di.o
    0x080081bc   0x000001f0   Code   RO          806    .text               control_do.o
    0x080083ac   0x00000348   Code   RO          818    .text               myiic.o
    0x080086f4   0x0000019e   Code   RO          831    .text               24cxx.o
    0x08008892   0x00000024   Code   RO          856    .text               mc_w.l(memcpya.o)
    0x080088b6   0x000000b0   Code   RO         1120    .text               mf_w.l(fadd.o)
    0x08008966   0x00000064   Code   RO         1122    .text               mf_w.l(fmul.o)
    0x080089ca   0x0000007c   Code   RO         1124    .text               mf_w.l(fdiv.o)
    0x08008a46   0x00000012   Code   RO         1128    .text               mf_w.l(fflti.o)
    0x08008a58   0x0000000a   Code   RO         1130    .text               mf_w.l(ffltui.o)
    0x08008a62   0x00000032   Code   RO         1132    .text               mf_w.l(ffixi.o)
    0x08008a94   0x00000028   Code   RO         1134    .text               mf_w.l(ffixui.o)
    0x08008abc   0x00000014   Code   RO         1138    .text               mf_w.l(cfcmple.o)
    0x08008ad0   0x00000000   Code   RO         1182    .text               mc_w.l(iusefp.o)
    0x08008ad0   0x0000006e   Code   RO         1183    .text               mf_w.l(fepilogue.o)
    0x08008b3e   0x00000002   PAD
    0x08008b40   0x00000024   Code   RO         1199    .text               mc_w.l(init.o)
    0x08008b64   0x00000010   Code   RO          861    i.__0printf$bare    mc_w.l(printfb.o)
    0x08008b74   0x0000000e   Code   RO         1215    i.__scatterload_copy  mc_w.l(handlers.o)
    0x08008b82   0x00000002   Code   RO         1216    i.__scatterload_null  mc_w.l(handlers.o)
    0x08008b84   0x0000000e   Code   RO         1217    i.__scatterload_zeroinit  mc_w.l(handlers.o)
    0x08008b92   0x00000022   Code   RO          868    i._printf_core      mc_w.l(printfb.o)
    0x08008bb4   0x00000100   Data   RO          398    .constdata          os_core.o
    0x08008cb4   0x00000200   Data   RO          762    .constdata          control_comm.o
    0x08008eb4   0x00000020   Data   RO         1213    Region$$Table       anon$$obj.o


    Execution Region RW_IRAM1 (Base: 0x20000000, Size: 0x0000ebe0, Max: 0x00020000, ABSOLUTE)

    Base Addr    Size         Type   Attr      Idx    E Section Name        Object

    0x20000000   0x00000014   Data   RW          135    .data               system_stm32f10x.o
    0x20000014   0x00000004   Data   RW          165    .data               delay.o
    0x20000018   0x00000004   Data   RW          199    .data               usart.o
    0x2000001c   0x00000014   Data   RW          274    .data               stm32f10x_rcc.o
    0x20000030   0x0000003c   Data   RW          399    .data               os_core.o
    0x2000006c   0x00000004   Data   RW          400    .data               os_core.o
    0x20000070   0x00000004   Data   RW          401    .data               os_core.o
    0x20000074   0x00000002   Data   RW          402    .data               os_core.o
    0x20000076   0x00000002   Data   RW          403    .data               os_core.o
    0x20000078   0x00000004   Data   RW          404    .data               os_core.o
    0x2000007c   0x00000004   Data   RW          405    .data               os_core.o
    0x20000080   0x00000004   Data   RW          406    .data               os_core.o
    0x20000084   0x00000004   Data   RW          407    .data               os_core.o
    0x20000088   0x00000002   Data   RW          531    .data               os_cpu_c.o
    0x2000008a   0x00000002   PAD
    0x2000008c   0x00000004   Data   RW          599    .data               control_global.o
    0x20000090   0x00000014   Data   RW          618    .data               control_main.o
    0x200000a4   0x00000001   Data   RW          623    .data               control_main.o
    0x200000a5   0x00000003   PAD
    0x200000a8   0x0000004c   Data   RW          686    .data               function_handle.o
    0x200000f4   0x00000010   Data   RW          712    .data               tpk8control.o
    0x20000104   0x000009b8   Zero   RW          392    .bss                os_core.o
    0x20000abc   0x00000050   Zero   RW          393    .bss                os_core.o
    0x20000b0c   0x00000078   Zero   RW          394    .bss                os_core.o
    0x20000b84   0x00000280   Zero   RW          395    .bss                os_core.o
    0x20000e04   0x00000200   Zero   RW          396    .bss                os_core.o
    0x20001004   0x00000040   Zero   RW          397    .bss                os_core.o
    0x20001044   0x00000288   Zero   RW          556    .bss                comm_handle.o
    0x200012cc   0x00000412   Zero   RW          591    .bss                control_global.o
    0x200016de   0x00000002   PAD
    0x200016e0   0x00009800   Zero   RW          617    .bss                control_main.o
    0x2000aee0   0x00003240   Zero   RW          685    .bss                function_handle.o
    0x2000e120   0x00000038   Zero   RW          711    .bss                tpk8control.o
    0x2000e158   0x00000144   Zero   RW          758    .bss                control_comm.o
    0x2000e29c   0x0000006c   Zero   RW          759    .bss                control_comm.o
    0x2000e308   0x0000006c   Zero   RW          760    .bss                control_comm.o
    0x2000e374   0x0000006c   Zero   RW          761    .bss                control_comm.o
    0x2000e3e0   0x00000800   Zero   RW          230    STACK               startup_stm32f10x_hd.o


==============================================================================

Image component sizes


      Code (inc. data)   RO Data    RW Data    ZI Data      Debug   Object Name

       414          0          0          0          0       2127   24cxx.o
      1396        114          0          0        648       3940   comm_handle.o
      2032        108          0          0          0       3912   control_adc.o
       240         12          0          0          0       1749   control_bsp.o
      1134         40        512          0        648       4281   control_comm.o
       516         18          0          0          0       2042   control_dac.o
       204         30          0          0          0        825   control_di.o
       496         70          0          0          0       1770   control_do.o
       604         10          0          4       1042       2198   control_global.o
       712         84          0         21      38912       4436   control_main.o
       208         22          0          4          0       2015   delay.o
      7604        240          0         76      12864       8791   function_handle.o
         0          0          0          0          0     262029   main.o
       176         14          0          0          0       1697   misc.o
       840          6          0          0          0       3468   myiic.o
      1580         80        256         88       3904      14761   os_core.o
       180         36          0          0          0        324   os_cpu_a.o
       168          4          0          2          0      11339   os_cpu_c.o
      1428         38          0          0          0       5222   os_flag.o
      1284         30          0          0          0       4409   os_q.o
       764         18          0          0          0       3214   os_sem.o
      1692         68          0          0          0       6075   os_task.o
       360         28          0          0          0       1570   os_time.o
      1288         88          0          0          0       4541   os_tmr.o
        36          8        304          0       2048        784   startup_stm32f10x_hd.o
       816         24          0          0          0      18505   stm32f10x_adc.o
       252          4          0          0          0       7994   stm32f10x_dac.o
      1148         22          0          0          0      14364   stm32f10x_flash.o
       620         36          0          0          0       4965   stm32f10x_gpio.o
       856         52          0          0          0       8021   stm32f10x_it.o
        60          6          0          0          0       1197   stm32f10x_iwdg.o
       692         32          0         20          0       8100   stm32f10x_rcc.o
      2804         86          0          0          0      18182   stm32f10x_tim.o
       808         22          0          0          0       7304   stm32f10x_usart.o
         0          0          0          0          0         32   sys.o
       340         32          0         20          0       1715   system_stm32f10x.o
       700         16          0         16         56       4084   tpk8control.o
       184          8          0          4          0       2892   usart.o

    ----------------------------------------------------------------------
     34638       1506       1104        260      60124     454874   Object Totals
         0          0         32          0          0          0   (incl. Generated)
         2          0          0          5          2          0   (incl. Padding)

    ----------------------------------------------------------------------

      Code (inc. data)   RO Data    RW Data    ZI Data      Debug   Library Member Name

         0          0          0          0          0          0   entry.o
         0          0          0          0          0          0   entry10a.o
         0          0          0          0          0          0   entry11a.o
         8          4          0          0          0          0   entry2.o
         4          0          0          0          0          0   entry5.o
         0          0          0          0          0          0   entry7b.o
         0          0          0          0          0          0   entry8b.o
         8          4          0          0          0          0   entry9a.o
        30          0          0          0          0          0   handlers.o
        36          8          0          0          0         68   init.o
         0          0          0          0          0          0   iusefp.o
        36          0          0          0          0         68   memcpya.o
        50          8          0          0          0        152   printfb.o
        20          0          0          0          0         68   cfcmple.o
       176          0          0          0          0        140   fadd.o
       124          0          0          0          0         88   fdiv.o
       110          0          0          0          0        168   fepilogue.o
        50          0          0          0          0         68   ffixi.o
        40          0          0          0          0         68   ffixui.o
        18          0          0          0          0         68   fflti.o
        10          0          0          0          0         68   ffltui.o
       100          0          0          0          0         76   fmul.o

    ----------------------------------------------------------------------
       822         24          0          0          0       1100   Library Totals
         2          0          0          0          0          0   (incl. Padding)

    ----------------------------------------------------------------------

      Code (inc. data)   RO Data    RW Data    ZI Data      Debug   Library Name

       172         24          0          0          0        288   mc_w.l
       648          0          0          0          0        812   mf_w.l

    ----------------------------------------------------------------------
       822         24          0          0          0       1100   Library Totals

    ----------------------------------------------------------------------

==============================================================================


      Code (inc. data)   RO Data    RW Data    ZI Data      Debug   

     35460       1530       1104        260      60124     451394   Grand Totals
     35460       1530       1104        260      60124     451394   ELF Image Totals
     35460       1530       1104        260          0          0   ROM Totals

==============================================================================

    Total RO  Size (Code + RO Data)                36564 (  35.71kB)
    Total RW  Size (RW Data + ZI Data)             60384 (  58.97kB)
    Total ROM Size (Code + RO Data + RW Data)      36824 (  35.96kB)

==============================================================================

